DEPRECATED: The legacy builder is deprecated and will be removed in a future release.
            BuildKit is currently disabled; enable it by removing the DOCKER_BUILDKIT=0
            environment-variable.

Sending build context to Docker daemon    213MB
Step 1/26 : FROM alpine:3.22.0 AS data-downloader
 ---> 8a1f59ffb675
Step 2/26 : RUN sed -i 's|dl-cdn.alpinelinux.org|mirrors.tuna.tsinghua.edu.cn|g' /etc/apk/repositories &&     apk add --no-cache unzip
 ---> Using cache
 ---> 4694848b8023
Step 3/26 : ENV DATA_DIR=/data
 ---> Using cache
 ---> 8193b9c40166
Step 4/26 : WORKDIR $DATA_DIR
 ---> Using cache
 ---> 6e2f26111a24
Step 5/26 : COPY data/alfworld/json_2.1.1_json.zip /tmp/json_2.1.1_json.zip
 ---> Using cache
 ---> 3af3bd6eb658
Step 6/26 : RUN unzip /tmp/json_2.1.1_json.zip -d $DATA_DIR && rm /tmp/json_2.1.1_json.zip
 ---> Using cache
 ---> d23d55af22af
Step 7/26 : COPY data/alfworld/json_2.1.1_pddl.zip /tmp/json_2.1.1_pddl.zip
 ---> Using cache
 ---> 6c23aa2ece82
Step 8/26 : RUN unzip /tmp/json_2.1.1_pddl.zip -d $DATA_DIR && rm /tmp/json_2.1.1_pddl.zip
 ---> Using cache
 ---> e4859e9fe406
Step 9/26 : COPY data/alfworld/json_2.1.1_tw-pddl.zip /tmp/json_2.1.1_tw-pddl.zip
 ---> Using cache
 ---> f74f4f7ba3b2
Step 10/26 : RUN unzip /tmp/json_2.1.1_tw-pddl.zip -d $DATA_DIR && rm /tmp/json_2.1.1_tw-pddl.zip
 ---> Using cache
 ---> fd2012582bda
Step 11/26 : FROM python:3.9-bookworm AS worker
 ---> ff12c273af1e
Step 12/26 : ENV DEBIAN_FRONTEND=noninteractive
 ---> Using cache
 ---> 0f4ecf49fd09
Step 13/26 : ENV PYTHONUNBUFFERED=1
 ---> Using cache
 ---> 225615c19537
Step 14/26 : WORKDIR /app
 ---> Using cache
 ---> 252200f0146b
Step 15/26 : RUN sed -i 's|deb.debian.org|mirrors.tuna.tsinghua.edu.cn|g' /etc/apt/sources.list.d/debian.sources &&     sed -i 's|security.debian.org|mirrors.tuna.tsinghua.edu.cn|g' /etc/apt/sources.list.d/debian.sources &&     apt-get update &&     apt-get install -y build-essential cmake libgl1 &&     apt-get clean &&     rm -rf /var/lib/apt/lists/*
 ---> Using cache
 ---> 5310d2c2ef8a
Step 16/26 : COPY data/alfworld_repo /usr/src/alfworld
 ---> Using cache
 ---> 825296cd0a33
Step 17/26 : COPY data/textworld_src /usr/src/textworld
 ---> Using cache
 ---> a00dca386550
Step 18/26 : RUN sed -i '/numpy/d' /usr/src/alfworld/requirements.txt &&     sed -i '/torch/d' /usr/src/alfworld/requirements.txt &&     sed -i '/transformers/d' /usr/src/alfworld/requirements.txt &&     sed -i 's|textworld @ .*|textworld @ file:///usr/src/textworld|' /usr/src/alfworld/requirements.txt &&     echo "blis<=1.2.0" >> /usr/src/alfworld/requirements.txt &&     echo "jsonlines" >> /usr/src/alfworld/requirements.txt &&     echo "numpy<2.0" >> /usr/src/alfworld/requirements.txt &&     echo "torch<2.0" >> /usr/src/alfworld/requirements.txt &&     echo "torchvision<0.15" >> /usr/src/alfworld/requirements.txt &&     echo "transformers<4.48.0" >> /usr/src/alfworld/requirements.txt &&     echo "Werkzeug<3.0" >> /usr/src/alfworld/requirements.txt &&     echo "Flask<2.3" >> /usr/src/alfworld/requirements.txt &&     echo "spacy<3.8.0" >> /usr/src/alfworld/requirements.txt &&     echo "setuptools<70.0.0" > /tmp/constraint.txt &&     export PIP_CONSTRAINT=/tmp/constraint.txt &&     export PIP_BUILD_CONSTRAINT=/tmp/constraint.txt &&     python -m pip install --upgrade pip -i https://mirrors.tuna.tsinghua.edu.cn/pypi/web/simple &&     python -m pip install --retries 5 --timeout 300       --index-url https://mirrors.tuna.tsinghua.edu.cn/pypi/web/simple       --extra-index-url https://download.pytorch.org/whl/cpu       agentrl-worker       -r /usr/src/alfworld/requirements.txt       /usr/src/alfworld
 ---> Using cache
 ---> 556dca833ae7
Step 19/26 : ENV ALFWORLD_DATA=/app/data/alfworld
 ---> Using cache
 ---> 52c7b2b048aa
Step 20/26 : COPY --from=data-downloader /data /app/data/alfworld
 ---> Using cache
 ---> 5e9257b46872
Step 21/26 : COPY ./src/server/tasks/alfworld /app/src/server/tasks/alfworld
 ---> dbaf129a4a05
Step 22/26 : COPY ./configs/tasks/alfworld.yaml /app/configs/tasks/alfworld.yaml
 ---> a2811f730162
Step 23/26 : COPY ./data/alfworld /app/data/alfworld
 ---> 30177a9c7f44
Step 24/26 : COPY ./extra/worker-entrypoint.sh /entrypoint.sh
 ---> 34240a0d91fe
Step 25/26 : RUN chmod +x /entrypoint.sh
 ---> Running in 8fa9488b395a
 ---> Removed intermediate container 8fa9488b395a
 ---> b9550f0ca96a
Step 26/26 : ENTRYPOINT ["/entrypoint.sh", "-c", "configs/tasks/alfworld.yaml"]
 ---> Running in 231284cf29c3
 ---> Removed intermediate container 231284cf29c3
 ---> deb4f5a13697
Successfully built deb4f5a13697
Successfully tagged agentbench-alfworld-std:latest
